Archive member included to satisfy reference by file (symbol)

c:/program files (x86)/atmel/studio/7.0/toolchain/avr8/avr8-gnu-toolchain/bin/../lib/gcc/avr/5.4.0/../../../../avr/lib/avr5\libm.a(addsf3.o)
                              build/atmega324a/production/_ext/1358146763/function.o (__subsf3)
c:/program files (x86)/atmel/studio/7.0/toolchain/avr8/avr8-gnu-toolchain/bin/../lib/gcc/avr/5.4.0/../../../../avr/lib/avr5\libm.a(addsf3x.o)
                              c:/program files (x86)/atmel/studio/7.0/toolchain/avr8/avr8-gnu-toolchain/bin/../lib/gcc/avr/5.4.0/../../../../avr/lib/avr5\libm.a(addsf3.o) (__addsf3x)
c:/program files (x86)/atmel/studio/7.0/toolchain/avr8/avr8-gnu-toolchain/bin/../lib/gcc/avr/5.4.0/../../../../avr/lib/avr5\libm.a(cmpsf2.o)
                              build/atmega324a/production/_ext/1358146763/function.o (__ltsf2)
c:/program files (x86)/atmel/studio/7.0/toolchain/avr8/avr8-gnu-toolchain/bin/../lib/gcc/avr/5.4.0/../../../../avr/lib/avr5\libm.a(fixunssfsi.o)
                              build/atmega324a/production/_ext/1358146763/function.o (__fixunssfsi)
c:/program files (x86)/atmel/studio/7.0/toolchain/avr8/avr8-gnu-toolchain/bin/../lib/gcc/avr/5.4.0/../../../../avr/lib/avr5\libm.a(floatsisf.o)
                              build/atmega324a/production/_ext/1358146763/function.o (__floatunsisf)
c:/program files (x86)/atmel/studio/7.0/toolchain/avr8/avr8-gnu-toolchain/bin/../lib/gcc/avr/5.4.0/../../../../avr/lib/avr5\libm.a(fp_cmp.o)
                              c:/program files (x86)/atmel/studio/7.0/toolchain/avr8/avr8-gnu-toolchain/bin/../lib/gcc/avr/5.4.0/../../../../avr/lib/avr5\libm.a(cmpsf2.o) (__fp_cmp)
c:/program files (x86)/atmel/studio/7.0/toolchain/avr8/avr8-gnu-toolchain/bin/../lib/gcc/avr/5.4.0/../../../../avr/lib/avr5\libm.a(fp_inf.o)
                              c:/program files (x86)/atmel/studio/7.0/toolchain/avr8/avr8-gnu-toolchain/bin/../lib/gcc/avr/5.4.0/../../../../avr/lib/avr5\libm.a(addsf3x.o) (__fp_inf)
c:/program files (x86)/atmel/studio/7.0/toolchain/avr8/avr8-gnu-toolchain/bin/../lib/gcc/avr/5.4.0/../../../../avr/lib/avr5\libm.a(fp_nan.o)
                              c:/program files (x86)/atmel/studio/7.0/toolchain/avr8/avr8-gnu-toolchain/bin/../lib/gcc/avr/5.4.0/../../../../avr/lib/avr5\libm.a(addsf3x.o) (__fp_nan)
c:/program files (x86)/atmel/studio/7.0/toolchain/avr8/avr8-gnu-toolchain/bin/../lib/gcc/avr/5.4.0/../../../../avr/lib/avr5\libm.a(fp_pscA.o)
                              c:/program files (x86)/atmel/studio/7.0/toolchain/avr8/avr8-gnu-toolchain/bin/../lib/gcc/avr/5.4.0/../../../../avr/lib/avr5\libm.a(addsf3x.o) (__fp_pscA)
c:/program files (x86)/atmel/studio/7.0/toolchain/avr8/avr8-gnu-toolchain/bin/../lib/gcc/avr/5.4.0/../../../../avr/lib/avr5\libm.a(fp_pscB.o)
                              c:/program files (x86)/atmel/studio/7.0/toolchain/avr8/avr8-gnu-toolchain/bin/../lib/gcc/avr/5.4.0/../../../../avr/lib/avr5\libm.a(addsf3x.o) (__fp_pscB)
c:/program files (x86)/atmel/studio/7.0/toolchain/avr8/avr8-gnu-toolchain/bin/../lib/gcc/avr/5.4.0/../../../../avr/lib/avr5\libm.a(fp_round.o)
                              c:/program files (x86)/atmel/studio/7.0/toolchain/avr8/avr8-gnu-toolchain/bin/../lib/gcc/avr/5.4.0/../../../../avr/lib/avr5\libm.a(addsf3.o) (__fp_round)
c:/program files (x86)/atmel/studio/7.0/toolchain/avr8/avr8-gnu-toolchain/bin/../lib/gcc/avr/5.4.0/../../../../avr/lib/avr5\libm.a(fp_split3.o)
                              c:/program files (x86)/atmel/studio/7.0/toolchain/avr8/avr8-gnu-toolchain/bin/../lib/gcc/avr/5.4.0/../../../../avr/lib/avr5\libm.a(addsf3x.o) (__fp_split3)
c:/program files (x86)/atmel/studio/7.0/toolchain/avr8/avr8-gnu-toolchain/bin/../lib/gcc/avr/5.4.0/../../../../avr/lib/avr5\libm.a(fp_zero.o)
                              c:/program files (x86)/atmel/studio/7.0/toolchain/avr8/avr8-gnu-toolchain/bin/../lib/gcc/avr/5.4.0/../../../../avr/lib/avr5\libm.a(addsf3x.o) (__fp_zero)
c:/program files (x86)/atmel/studio/7.0/toolchain/avr8/avr8-gnu-toolchain/bin/../lib/gcc/avr/5.4.0/../../../../avr/lib/avr5\libm.a(mulsf3.o)
                              build/atmega324a/production/_ext/1358146763/function.o (__mulsf3)
c:/program files (x86)/atmel/studio/7.0/toolchain/avr8/avr8-gnu-toolchain/bin/../lib/gcc/avr/5.4.0/../../../../avr/lib/avr5\libm.a(mulsf3x.o)
                              c:/program files (x86)/atmel/studio/7.0/toolchain/avr8/avr8-gnu-toolchain/bin/../lib/gcc/avr/5.4.0/../../../../avr/lib/avr5\libm.a(mulsf3.o) (__mulsf3x)
c:/program files (x86)/atmel/studio/7.0/toolchain/avr8/avr8-gnu-toolchain/bin/../lib/gcc/avr/5.4.0/../../../../avr/lib/avr5\libm.a(pow.o)
                              build/atmega324a/production/_ext/1358146763/function.o (pow)
c:/program files (x86)/atmel/studio/7.0/toolchain/avr8/avr8-gnu-toolchain/bin/../lib/gcc/avr/5.4.0/../../../../avr/lib/avr5\libm.a(exp.o)
[...]
Memory Configuration

Name             Origin             Length             Attributes
text             0x00000000         0x00008000         xr
data             0x00800100         0x00000800         rw !x
eeprom           0x00810000         0x00000400         rw !x
fuse             0x00820000         0x00000003         rw !x
lock             0x00830000         0x00000400         rw !x
signature        0x00840000         0x00000400         rw !x
user_signatures  0x00850000         0x00000400         rw !x
*default*        0x00000000         0xffffffff

Linker script and memory map

Address of section .data set to 0x800100
LOAD C:/Program Files/Microchip/MPLABX/v6.20/packs/Microchip/ATmega_DFP/3.1.264/gcc/dev/atmega324a/avr5/crtatmega324a.o
LOAD build/atmega324a/production/_ext/1358146763/atmega324.o
LOAD build/atmega324a/production/_ext/1358146763/atmega324_usart0.o
LOAD build/atmega324a/production/_ext/1358146763/atmega324analog.o
LOAD build/atmega324a/production/_ext/1358146763/atmega324timer.o
LOAD build/atmega324a/production/_ext/1358146763/atmegaeeprom.o
LOAD build/atmega324a/production/_ext/1358146763/buffer.o
LOAD build/atmega324a/production/_ext/1358146763/function.o
LOAD build/atmega324a/production/_ext/1358146763/keypad.o
LOAD build/atmega324a/production/_ext/1358146763/lcd.o
LOAD build/atmega324a/production/atmega324a_1.o
                0x00000001                __MPLAB_BUILD = 0x1
START GROUP
LOAD c:/program files (x86)/atmel/studio/7.0/toolchain/avr8/avr8-gnu-toolchain/bin/../lib/gcc/avr/5.4.0/../../../../avr/lib/avr5\libm.a
END GROUP
START GROUP
LOAD c:/program files (x86)/atmel/studio/7.0/toolchain/avr8/avr8-gnu-toolchain/bin/../lib/gcc/avr/5.4.0/avr5\libgcc.a
LOAD c:/program files (x86)/atmel/studio/7.0/toolchain/avr8/avr8-gnu-toolchain/bin/../lib/gcc/avr/5.4.0/../../../../avr/lib/avr5\libm.a
LOAD c:/program files (x86)/atmel/studio/7.0/toolchain/avr8/avr8-gnu-toolchain/bin/../lib/gcc/avr/5.4.0/../../../../avr/lib/avr5\libc.a
LOAD C:/Program Files/Microchip/MPLABX/v6.20/packs/Microchip/ATmega_DFP/3.1.264/gcc/dev/atmega324a/avr5\libatmega324a.a
END GROUP
                [0x00000000]                __TEXT_REGION_ORIGIN__ = DEFINED (__TEXT_REGION_ORIGIN__)?__TEXT_REGION_ORIGIN__:0x0
                [0x00800100]                __DATA_REGION_ORIGIN__ = DEFINED (__DATA_REGION_ORIGIN__)?__DATA_REGION_ORIGIN__:0x800060
                [0x00008000]                __TEXT_REGION_LENGTH__ = DEFINED (__TEXT_REGION_LENGTH__)?__TEXT_REGION_LENGTH__:0x20000
                [0x00000800]                __DATA_REGION_LENGTH__ = DEFINED (__DATA_REGION_LENGTH__)?__DATA_REGION_LENGTH__:0xffa0
                [0x00000400]                __EEPROM_REGION_LENGTH__ = DEFINED (__EEPROM_REGION_LENGTH__)?__EEPROM_REGION_LENGTH__:0x10000
                [0x00000003]                __FUSE_REGION_LENGTH__ = DEFINED (__FUSE_REGION_LENGTH__)?__FUSE_REGION_LENGTH__:0x400
                0x00000400                __LOCK_REGION_LENGTH__ = DEFINED (__LOCK_REGION_LENGTH__)?__LOCK_REGION_LENGTH__:0x400
                0x00000400                __SIGNATURE_REGION_LENGTH__ = DEFINED (__SIGNATURE_REGION_LENGTH__)?__SIGNATURE_REGION_LENGTH__:0x400
                0x00000400                __USER_SIGNATURE_REGION_LENGTH__ = DEFINED (__USER_SIGNATURE_REGION_LENGTH__)?__USER_SIGNATURE_REGION_LENGTH__:0x400

.hash
 *(.hash)

.dynsym
 *(.dynsym)

.dynstr
 *(.dynstr)

.gnu.version
 *(.gnu.version)

.gnu.version_d
 *(.gnu.version_d)

.gnu.version_r
 *(.gnu.version_r)

.rel.init
 *(.rel.init)

.rela.init
 *(.rela.init)

.rel.text
 *(.rel.text)
 *(.rel.text.*)
 *(.rel.gnu.linkonce.t*)

.rela.text
 *(.rela.text)
 *(.rela.text.*)
 *(.rela.gnu.linkonce.t*)

.rel.fini
 *(.rel.fini)

.rela.fini
 *(.rela.fini)

.rel.rodata
 *(.rel.rodata)
 *(.rel.rodata.*)
 *(.rel.gnu.linkonce.r*)

.rela.rodata
 *(.rela.rodata)
 *(.rela.rodata.*)
 *(.rela.gnu.linkonce.r*)

.rel.data
 *(.rel.data)
 *(.rel.data.*)
 *(.rel.gnu.linkonce.d*)

.rela.data
 *(.rela.data)
 *(.rela.data.*)
 *(.rela.gnu.linkonce.d*)

.rel.ctors
 *(.rel.ctors)

.rela.ctors
 *(.rela.ctors)

.rel.dtors
 *(.rel.dtors)

.rela.dtors
 *(.rela.dtors)

.rel.got
 *(.rel.got)

.rela.got
 *(.rela.got)

.rel.bss
 *(.rel.bss)

.rela.bss
 *(.rela.bss)

.rel.plt
 *(.rel.plt)

.rela.plt
 *(.rela.plt)

.text           0x00000000     0x3d26
 *(.vectors)
 .vectors       0x00000000       0x7c C:/Program Files/Microchip/MPLABX/v6.20/packs/Microchip/ATmega_DFP/3.1.264/gcc/dev/atmega324a/avr5/crtatmega324a.o
                0x00000000                __vector_default
                0x00000000                __vectors
 *(.vectors)
 *(.progmem.gcc*)
 .progmem.gcc_sw_table.TIMER_COUNTER1enable
                0x0000007c       0x30 build/atmega324a/production/_ext/1358146763/atmega324timer.o
 .progmem.gcc_fplib
                0x000000ac       0x28 c:/program files (x86)/atmel/studio/7.0/toolchain/avr8/avr8-gnu-toolchain/bin/../lib/gcc/avr/5.4.0/../../../../avr/lib/avr5\libm.a(exp.o)
 .progmem.gcc_fplib
                0x000000d4       0x5a c:/program files (x86)/atmel/studio/7.0/toolchain/avr8/avr8-gnu-toolchain/bin/../lib/gcc/avr/5.4.0/../../../../avr/lib/avr5\libm.a(log.o)
                0x0000012e                . = ALIGN (0x2)
                0x0000012e                __trampolines_start = .
 *(.trampolines)
 .trampolines   0x0000012e        0x0 linker stubs
 *(.trampolines*)
                0x0000012e                __trampolines_end = .
 *libprintf_flt.a:*(.progmem.data)
 *libc.a:*(.progmem.data)
 *(.progmem*)
                0x0000012e                . = ALIGN (0x2)
 *(.jumptables)
 *(.jumptables*)
 *(.lowtext)
 *(.lowtext*)
                0x0000012e                __ctors_start = .
 *(.ctors)
                0x0000012e                __ctors_end = .
                0x0000012e                __dtors_start = .
 *(.dtors)
                0x0000012e                __dtors_end = .
 SORT(*)(.ctors)
 SORT(*)(.dtors)
 *(.init0)
 .init0         0x0000012e        0x0 C:/Program Files/Microchip/MPLABX/v6.20/packs/Microchip/ATmega_DFP/3.1.264/gcc/dev/atmega324a/avr5/crtatmega324a.o
                0x0000012e                __init
 *(.init0)
 *(.init1)
 *(.init1)
 *(.init2)
 .init2         0x0000012e        0xc C:/Program Files/Microchip/MPLABX/v6.20/packs/Microchip/ATmega_DFP/3.1.264/gcc/dev/atmega324a/avr5/crtatmega324a.o
 *(.init2)
 *(.init3)
 *(.init3)
 *(.init4)
 .init4         0x0000013a       0x16 c:/program files (x86)/atmel/studio/7.0/toolchain/avr8/avr8-gnu-toolchain/bin/../lib/gcc/avr/5.4.0/avr5\libgcc.a(_copy_data.o)
                0x0000013a                __do_copy_data
 .init4         0x00000150       0x10 c:/program files (x86)/atmel/studio/7.0/toolchain/avr8/avr8-gnu-toolchain/bin/../lib/gcc/avr/5.4.0/avr5\libgcc.a(_clear_bss.o)
                0x00000150                __do_clear_bss
 *(.init4)
 *(.init5)
 *(.init5)
 *(.init6)
 *(.init6)
 *(.init7)
 *(.init7)
 *(.init8)
 *(.init8)
 *(.init9)
 .init9         0x00000160        0x8 C:/Program Files/Microchip/MPLABX/v6.20/packs/Microchip/ATmega_DFP/3.1.264/gcc/dev/atmega324a/avr5/crtatmega324a.o
 *(.init9)
 *(.text)
 .text          0x00000168        0x4 C:/Program Files/Microchip/MPLABX/v6.20/packs/Microchip/ATmega_DFP/3.1.264/gcc/dev/atmega324a/avr5/crtatmega324a.o
                0x00000168                __vector_22
                0x00000168                __vector_28
                0x00000168                __vector_1
                0x00000168                __vector_12
                0x00000168                __bad_interrupt
                0x00000168                __vector_6
                0x00000168                __vector_3
                0x00000168                __vector_23
                0x00000168                __vector_30
                0x00000168                __vector_25
                0x00000168                __vector_11
                0x00000168                __vector_17
                0x00000168                __vector_19
                0x00000168                __vector_7
                0x00000168                __vector_27
                0x00000168                __vector_5
                0x00000168                __vector_4
                0x00000168                __vector_9
                0x00000168                __vector_2
                0x00000168                __vector_15
                0x00000168                __vector_29
                0x00000168                __vector_8
                0x00000168                __vector_26
                0x00000168                __vector_14
                0x00000168                __vector_10
                0x00000168                __vector_16
                0x00000168                __vector_18
                0x0000016c                . = ALIGN (0x2)
 *(.text.*)
 .text.BAUDRATEnormal
                0x0000016c       0x1c build/atmega324a/production/_ext/1358146763/atmega324.o
                0x0000016c                BAUDRATEnormal
 .text.BAUDRATEdouble
                0x00000188       0x1c build/atmega324a/production/_ext/1358146763/atmega324.o
                0x00000188                BAUDRATEdouble
 .text.get_reg_block
                0x000001a4       0x46 build/atmega324a/production/_ext/1358146763/atmega324.o
                0x000001a4                get_reg_block
 .text.set_reg_block
                0x000001ea       0x58 build/atmega324a/production/_ext/1358146763/atmega324.o
                0x000001ea                set_reg_block
 .text.uart0_read
                0x00000242        0xa build/atmega324a/production/_ext/1358146763/atmega324_usart0.o
                0x00000242                uart0_read
 .text.uart0_gets
                0x0000024c       0x10 build/atmega324a/production/_ext/1358146763/atmega324_usart0.o
                0x0000024c                uart0_gets
 .text.uart0_rxflush
                0x0000025c       0x10 build/atmega324a/production/_ext/1358146763/atmega324_usart0.o
                0x0000025c                uart0_rxflush
 .text.uart0_write
                0x0000026c       0x32 build/atmega324a/production/_ext/1358146763/atmega324_usart0.o
                0x0000026c                uart0_write
 .text.uart0_putch
                0x0000029e        0x6 build/atmega324a/production/_ext/1358146763/atmega324_usart0.o
                0x0000029e                uart0_putch
 .text.uart0_puts
                0x000002a4       0x1e build/atmega324a/production/_ext/1358146763/atmega324_usart0.o
                0x000002a4                uart0_puts
 .text.uart0_getch
                0x000002c2        0xa build/atmega324a/production/_ext/1358146763/atmega324_usart0.o
                0x000002c2                uart0_getch
 .text.usart0   0x000002cc        0x6 build/atmega324a/production/_ext/1358146763/atmega324_usart0.o
                0x000002cc                usart0
 .text.__vector_21
                0x000002d2       0x2e build/atmega324a/production/_ext/1358146763/atmega324_usart0.o
                0x000002d2                __vector_21
 .text.usart0_messageprint
                0x00000300       0xb0 build/atmega324a/production/_ext/1358146763/atmega324_usart0.o
                0x00000300                usart0_messageprint
 .text.USART0ReadErrors
                0x000003b0        0xe build/atmega324a/production/_ext/1358146763/atmega324_usart0.o
                0x000003b0                USART0ReadErrors
 .text.__vector_20
                0x000003be       0x6c build/atmega324a/production/_ext/1358146763/atmega324_usart0.o
                0x000003be                __vector_20
 .text.USART0DoubleTransmissionSpeed
                0x0000042a       0x10 build/atmega324a/production/_ext/1358146763/atmega324_usart0.o
                0x0000042a                USART0DoubleTransmissionSpeed
 .text.usart0_enable
                0x0000043a      0x2c4 build/atmega324a/production/_ext/1358146763/atmega324_usart0.o
                0x0000043a                usart0_enable
 .text.__vector_24
                0x000006fe      0x112 build/atmega324a/production/_ext/1358146763/atmega324analog.o
                0x000006fe                __vector_24
 .text.TIMER_COUNTER1_start
                0x00000810       0x86 build/atmega324a/production/_ext/1358146763/atmega324timer.o
                0x00000810                TIMER_COUNTER1_start
 .text.TIMER_COUNTER1_compoutmodeA
                0x00000896       0x4a build/atmega324a/production/_ext/1358146763/atmega324timer.o
                0x00000896                TIMER_COUNTER1_compoutmodeA
 .text.TIMER_COUNTER1_compoutmodeB
                0x000008e0       0x4a build/atmega324a/production/_ext/1358146763/atmega324timer.o
                0x000008e0                TIMER_COUNTER1_compoutmodeB
 .text.TIMER_COUNTER1_compareA
                0x0000092a        0xe build/atmega324a/production/_ext/1358146763/atmega324timer.o
                0x0000092a                TIMER_COUNTER1_compareA
 .text.TIMER_COUNTER1_compareB
                0x00000938        0xe build/atmega324a/production/_ext/1358146763/atmega324timer.o
                0x00000938                TIMER_COUNTER1_compareB
 .text.TIMER_COUNTER1_stop
                0x00000946       0x14 build/atmega324a/production/_ext/1358146763/atmega324timer.o
                0x00000946                TIMER_COUNTER1_stop
 .text.TIMER_COUNTER1enable
                0x0000095a      0x30c build/atmega324a/production/_ext/1358146763/atmega324timer.o
                0x0000095a                TIMER_COUNTER1enable
 .text.TC1      0x00000c66        0x6 build/atmega324a/production/_ext/1358146763/atmega324timer.o
                0x00000c66                TC1
 .text.EEPROMenable
                0x00000c6c       0x8a build/atmega324a/production/_ext/1358146763/atmegaeeprom.o
                0x00000c6c                EEPROMenable
 .text.BUFF_push
                0x00000cf6       0x36 build/atmega324a/production/_ext/1358146763/buffer.o
                0x00000cf6                BUFF_push
 .text.BUFF_raw
                0x00000d2c        0x8 build/atmega324a/production/_ext/1358146763/buffer.o
                0x00000d2c                BUFF_raw
 .text.BUFF_flush
                0x00000d34       0x14 build/atmega324a/production/_ext/1358146763/buffer.o
                0x00000d34                BUFF_flush
 .text.buff_enable
                0x00000d48       0x2e build/atmega324a/production/_ext/1358146763/buffer.o
                0x00000d48                buff_enable
 .text.FUNCmayia
                0x00000d76       0x38 build/atmega324a/production/_ext/1358146763/function.o
                0x00000d76                FUNCmayia
 .text.FUNCswap
                0x00000dae       0x42 build/atmega324a/production/_ext/1358146763/function.o
                0x00000dae                FUNCswap
 .text.FUNCcopy
                0x00000df0       0x1c build/atmega324a/production/_ext/1358146763/function.o
                0x00000df0                FUNCcopy
 .text.FUNCsqueeze
                0x00000e0c       0x44 build/atmega324a/production/_ext/1358146763/function.o
                0x00000e0c                FUNCsqueeze
 .text.FUNCshellsort
                0x00000e50      0x14c build/atmega324a/production/_ext/1358146763/function.o
                0x00000e50                FUNCshellsort
 .text.FUNCpmax
                0x00000f9c        0xa build/atmega324a/production/_ext/1358146763/function.o
                0x00000f9c                FUNCpmax
 .text.FUNCgcd  0x00000fa6       0x1e build/atmega324a/production/_ext/1358146763/function.o
                0x00000fa6                FUNCgcd
 .text.FUNCstrToInt
                0x00000fc4       0x48 build/atmega324a/production/_ext/1358146763/function.o
                0x00000fc4                FUNCstrToInt
 .text.FUNCtwocomptoint8bit
                0x0000100c       0x1a build/atmega324a/production/_ext/1358146763/function.o
                0x0000100c                FUNCtwocomptoint8bit
 .text.FUNCtwocomptoint10bit
                0x00001026       0x18 build/atmega324a/production/_ext/1358146763/function.o
                0x00001026                FUNCtwocomptoint10bit
 .text.FUNCtwocomptointnbit
                0x0000103e       0x30 build/atmega324a/production/_ext/1358146763/function.o
                0x0000103e                FUNCtwocomptointnbit
 .text.FUNCdec2bcd
                0x0000106e       0x26 build/atmega324a/production/_ext/1358146763/function.o
                0x0000106e                FUNCdec2bcd
 .text.FUNCbcd2dec
                0x00001094       0x16 build/atmega324a/production/_ext/1358146763/function.o
                0x00001094                FUNCbcd2dec
 .text.FUNCresizestr
                0x000010aa       0x5a build/atmega324a/production/_ext/1358146763/function.o
                0x000010aa                FUNCresizestr
 .text.FUNCtrimmer
                0x00001104       0x82 build/atmega324a/production/_ext/1358146763/function.o
                0x00001104                FUNCtrimmer
 .text.StringLength
                0x00001186       0x1e build/atmega324a/production/_ext/1358146763/function.o
                0x00001186                StringLength
 .text.FUNCtrim
                0x000011a4       0x38 build/atmega324a/production/_ext/1358146763/function.o
                0x000011a4                FUNCtrim
 .text.Reverse  0x000011dc       0x3c build/atmega324a/production/_ext/1358146763/function.o
                0x000011dc                Reverse
 .text.FUNCui32toa
                0x00001218       0x6e build/atmega324a/production/_ext/1358146763/function.o
                0x00001218                FUNCui32toa
 .text.FUNCi32toa
                0x00001286       0xb8 build/atmega324a/production/_ext/1358146763/function.o
                0x00001286                FUNCi32toa
 .text.FUNCi16toa
                0x0000133e       0x74 build/atmega324a/production/_ext/1358146763/function.o
                0x0000133e                FUNCi16toa
 .text.FUNCui16toa
                0x000013b2       0xd6 build/atmega324a/production/_ext/1358146763/function.o
                0x000013b2                FUNCui16toa
 .text.FUNCbcd2bin
                0x00001488       0x16 build/atmega324a/production/_ext/1358146763/function.o
                0x00001488                FUNCbcd2bin
 .text.FUNCbin2bcd
                0x0000149e       0x42 build/atmega324a/production/_ext/1358146763/function.o
                0x0000149e                FUNCbin2bcd
 .text.FUNCgcd1
                0x000014e0       0xa2 build/atmega324a/production/_ext/1358146763/function.o
                0x000014e0                FUNCgcd1
 .text.FUNCprint_binary
                0x00001582       0x56 build/atmega324a/production/_ext/1358146763/function.o
                0x00001582                FUNCprint_binary
 .text.FUNCdectohex
                0x000015d8       0xa6 build/atmega324a/production/_ext/1358146763/function.o
                0x000015d8                FUNCdectohex
 .text.FUNCSwapByte
                0x0000167e        0x8 build/atmega324a/production/_ext/1358146763/function.o
                0x0000167e                FUNCSwapByte
 .text.FUNCstrtovec
                0x00001686       0x18 build/atmega324a/production/_ext/1358146763/function.o
                0x00001686                FUNCstrtovec
 .text.FUNCprint
                0x0000169e       0x36 build/atmega324a/production/_ext/1358146763/function.o
                0x0000169e                FUNCprint
 .text.FUNCenable
                0x000016d4      0x102 build/atmega324a/production/_ext/1358146763/function.o
                0x000016d4                FUNCenable
 .text.FUNCintinvstr
                0x000017d6       0x9a build/atmega324a/production/_ext/1358146763/function.o
                0x000017d6                FUNCintinvstr
 .text.FUNCftoa
                0x00001870      0x110 build/atmega324a/production/_ext/1358146763/function.o
                0x00001870                FUNCftoa
 .text.KEYPAD_data
                0x00001980       0x40 build/atmega324a/production/_ext/1358146763/keypad.o
                0x00001980                KEYPAD_data
 .text.KEYPAD_flush
                0x000019c0       0x1a build/atmega324a/production/_ext/1358146763/keypad.o
                0x000019c0                KEYPAD_flush
 .text.KEYPAD_getkey
                0x000019da      0x25a build/atmega324a/production/_ext/1358146763/keypad.o
                0x000019da                KEYPAD_getkey
 .text.KEYPAD_read
                0x00001c34       0x96 build/atmega324a/production/_ext/1358146763/keypad.o
                0x00001c34                KEYPAD_read
 .text.KEYPADenable
                0x00001cca       0xb2 build/atmega324a/production/_ext/1358146763/keypad.o
                0x00001cca                KEYPADenable
 .text.LCD0_read
                0x00001d7c      0x11c build/atmega324a/production/_ext/1358146763/lcd.o
                0x00001d7c                LCD0_read
 .text.LCD0_BF  0x00001e98       0x22 build/atmega324a/production/_ext/1358146763/lcd.o
                0x00001e98                LCD0_BF
 .text.LCD0_getch
                0x00001eba       0x16 build/atmega324a/production/_ext/1358146763/lcd.o
                0x00001eba                LCD0_getch
 .text.LCD0_write
                0x00001ed0      0x1d6 build/atmega324a/production/_ext/1358146763/lcd.o
                0x00001ed0                LCD0_write
 .text.LCD0_clear
                0x000020a6       0x18 build/atmega324a/production/_ext/1358146763/lcd.o
                0x000020a6                LCD0_clear
 .text.LCD0_putch
                0x000020be        0xe build/atmega324a/production/_ext/1358146763/lcd.o
                0x000020be                LCD0_putch
 .text.LCD0_string
                0x000020cc       0x1e build/atmega324a/production/_ext/1358146763/lcd.o
                0x000020cc                LCD0_string
 .text.LCD0_string_size
                0x000020ea       0x56 build/atmega324a/production/_ext/1358146763/lcd.o
                0x000020ea                LCD0_string_size
 .text.LCD0_hspace
                0x00002140       0x16 build/atmega324a/production/_ext/1358146763/lcd.o
                0x00002140                LCD0_hspace
 .text.LCD0_gotoxy
                0x00002156       0x5e build/atmega324a/production/_ext/1358146763/lcd.o
                0x00002156                LCD0_gotoxy
 .text.lcd0     0x000021b4        0x6 build/atmega324a/production/_ext/1358146763/lcd.o
                0x000021b4                lcd0
 .text.LCD0_inic
                0x000021ba       0xa8 build/atmega324a/production/_ext/1358146763/lcd.o
                0x000021ba                LCD0_inic
 .text.lcd0_enable
                0x00002262       0xb6 build/atmega324a/production/_ext/1358146763/lcd.o
                0x00002262                lcd0_enable
 .text.LCD0_reboot
                0x00002318       0x24 build/atmega324a/production/_ext/1358146763/lcd.o
                0x00002318                LCD0_reboot
 .text.PORTINIT
                0x0000233c        0x8 build/atmega324a/production/atmega324a_1.o
                0x0000233c                PORTINIT
 .text.main     0x00002344      0x9c6 build/atmega324a/production/atmega324a_1.o
                0x00002344                main
 .text.__vector_13
                0x00002d0a       0x82 build/atmega324a/production/atmega324a_1.o
                0x00002d0a                __vector_13
 .text.avr-libc.fplib
                0x00002d8c        0xe c:/program files (x86)/atmel/studio/7.0/toolchain/avr8/avr8-gnu-toolchain/bin/../lib/gcc/avr/5.4.0/../../../../avr/lib/avr5\libm.a(addsf3.o)
                0x00002d8c                __subsf3
                0x00002d8e                __addsf3
 .text.avr-libc.fplib
                0x00002d9a       0xcc c:/program files (x86)/atmel/studio/7.0/toolchain/avr8/avr8-gnu-toolchain/bin/../lib/gcc/avr/5.4.0/../../../../avr/lib/avr5\libm.a(addsf3x.o)
                0x00002dbc                __addsf3x
 .text.avr-libc.fplib
                0x00002e66        0xa c:/program files (x86)/atmel/studio/7.0/toolchain/avr8/avr8-gnu-toolchain/bin/../lib/gcc/avr/5.4.0/../../../../avr/lib/avr5\libm.a(cmpsf2.o)
                0x00002e66                __nesf2
                0x00002e66                __eqsf2
                0x00002e66                __cmpsf2
                0x00002e66                __ltsf2
                0x00002e66                __lesf2
 .text.avr-libc.fplib
                0x00002e70       0x5e c:/program files (x86)/atmel/studio/7.0/toolchain/avr8/avr8-gnu-toolchain/bin/../lib/gcc/avr/5.4.0/../../../../avr/lib/avr5\libm.a(fixunssfsi.o)
                0x00002e70                __fixunssfsi
 .text.avr-libc.fplib
                0x00002ece       0x7a c:/program files (x86)/atmel/studio/7.0/toolchain/avr8/avr8-gnu-toolchain/bin/../lib/gcc/avr/5.4.0/../../../../avr/lib/avr5\libm.a(floatsisf.o)
                0x00002ece                __floatunsisf
                0x00002ed2                __floatsisf
 .text.avr-libc.fplib
                0x00002f48       0x48 c:/program files (x86)/atmel/studio/7.0/toolchain/avr8/avr8-gnu-toolchain/bin/../lib/gcc/avr/5.4.0/../../../../avr/lib/avr5\libm.a(fp_cmp.o)
                0x00002f48                __fp_cmp
 .text.avr-libc.fplib
                0x00002f90        0xc c:/program files (x86)/atmel/studio/7.0/toolchain/avr8/avr8-gnu-toolchain/bin/../lib/gcc/avr/5.4.0/../../../../avr/lib/avr5\libm.a(fp_inf.o)
                0x00002f90                __fp_inf
 .text.avr-libc.fplib
                0x00002f9c        0x6 c:/program files (x86)/atmel/studio/7.0/toolchain/avr8/avr8-gnu-toolchain/bin/../lib/gcc/avr/5.4.0/../../../../avr/lib/avr5\libm.a(fp_nan.o)
                0x00002f9c                __fp_nan
 .text.avr-libc.fplib
                0x00002fa2        0xe c:/program files (x86)/atmel/studio/7.0/toolchain/avr8/avr8-gnu-toolchain/bin/../lib/gcc/avr/5.4.0/../../../../avr/lib/avr5\libm.a(fp_pscA.o)
                0x00002fa2                __fp_pscA
 .text.avr-libc.fplib
                0x00002fb0        0xe c:/program files (x86)/atmel/studio/7.0/toolchain/avr8/avr8-gnu-toolchain/bin/../lib/gcc/avr/5.4.0/../../../../avr/lib/avr5\libm.a(fp_pscB.o)
                0x00002fb0                __fp_pscB
 .text.avr-libc.fplib
                0x00002fbe       0x22 c:/program files (x86)/atmel/studio/7.0/toolchain/avr8/avr8-gnu-toolchain/bin/../lib/gcc/avr/5.4.0/../../../../avr/lib/avr5\libm.a(fp_round.o)
                0x00002fbe                __fp_round
 .text.avr-libc.fplib
                0x00002fe0       0x44 c:/program files (x86)/atmel/studio/7.0/toolchain/avr8/avr8-gnu-toolchain/bin/../lib/gcc/avr/5.4.0/../../../../avr/lib/avr5\libm.a(fp_split3.o)
                0x00002fe0                __fp_split3
                0x00002ff0                __fp_splitA
 .text.avr-libc.fplib
                0x00003024        0xe c:/program files (x86)/atmel/studio/7.0/toolchain/avr8/avr8-gnu-toolchain/bin/../lib/gcc/avr/5.4.0/../../../../avr/lib/avr5\libm.a(fp_zero.o)
                0x00003024                __fp_zero
                0x00003026                __fp_szero
 .text.avr-libc.fplib
                0x00003032        0x8 c:/program files (x86)/atmel/studio/7.0/toolchain/avr8/avr8-gnu-toolchain/bin/../lib/gcc/avr/5.4.0/../../../../avr/lib/avr5\libm.a(mulsf3.o)
                0x00003032                __mulsf3
 .text.avr-libc.fplib
                0x0000303a       0xd2 c:/program files (x86)/atmel/studio/7.0/toolchain/avr8/avr8-gnu-toolchain/bin/../lib/gcc/avr/5.4.0/../../../../avr/lib/avr5\libm.a(mulsf3x.o)
                0x00003058                __mulsf3x
                0x0000305e                __mulsf3_pse
 .text.avr-libc.fplib
                0x0000310c       0xa0 c:/program files (x86)/atmel/studio/7.0/toolchain/avr8/avr8-gnu-toolchain/bin/../lib/gcc/avr/5.4.0/../../../../avr/lib/avr5\libm.a(pow.o)
                0x0000310c                pow
 .text.avr-libc.fplib
                0x000031ac       0x74 c:/program files (x86)/atmel/studio/7.0/toolchain/avr8/avr8-gnu-toolchain/bin/../lib/gcc/avr/5.4.0/../../../../avr/lib/avr5\libm.a(exp.o)
                0x000031bc                exp
 .text.avr-libc.fplib
                0x00003220       0x4e c:/program files (x86)/atmel/studio/7.0/toolchain/avr8/avr8-gnu-toolchain/bin/../lib/gcc/avr/5.4.0/../../../../avr/lib/avr5\libm.a(fp_powser.o)
                0x00003220                __fp_powser
 .text.avr-libc.fplib
                0x0000326e       0x10 c:/program files (x86)/atmel/studio/7.0/toolchain/avr8/avr8-gnu-toolchain/bin/../lib/gcc/avr/5.4.0/../../../../avr/lib/avr5\libm.a(inverse.o)
                0x0000326e                inverse
 .text.avr-libc.fplib
                0x0000327e       0x74 c:/program files (x86)/atmel/studio/7.0/toolchain/avr8/avr8-gnu-toolchain/bin/../lib/gcc/avr/5.4.0/../../../../avr/lib/avr5\libm.a(ldexp.o)
                0x00003286                ldexp
 .text.avr-libc.fplib
                0x000032f2       0xa0 c:/program files (x86)/atmel/studio/7.0/toolchain/avr8/avr8-gnu-toolchain/bin/../lib/gcc/avr/5.4.0/../../../../avr/lib/avr5\libm.a(log.o)
                0x00003302                log
 .text.avr-libc.fplib
                0x00003392       0x68 c:/program files (x86)/atmel/studio/7.0/toolchain/avr8/avr8-gnu-toolchain/bin/../lib/gcc/avr/5.4.0/../../../../avr/lib/avr5\libm.a(modf.o)
                0x00003392                modf
                0x00003392                modff
 .text.avr-libc.fplib
                0x000033fa        0x8 c:/program files (x86)/atmel/studio/7.0/toolchain/avr8/avr8-gnu-toolchain/bin/../lib/gcc/avr/5.4.0/../../../../avr/lib/avr5\libm.a(divsf3.o)
                0x000033fa                __divsf3
 .text.avr-libc.fplib
                0x00003402       0xdc c:/program files (x86)/atmel/studio/7.0/toolchain/avr8/avr8-gnu-toolchain/bin/../lib/gcc/avr/5.4.0/../../../../avr/lib/avr5\libm.a(divsf3x.o)
                0x00003422                __divsf3x
                0x00003428                __divsf3_pse
 .text.avr-libc.fplib
                0x000034de       0x1c c:/program files (x86)/atmel/studio/7.0/toolchain/avr8/avr8-gnu-toolchain/bin/../lib/gcc/avr/5.4.0/../../../../avr/lib/avr5\libm.a(fp_mpack.o)
                0x000034de                __fp_mpack
                0x000034e2                __fp_mpack_finite
 .text.libgcc.mul
                0x000034fa       0x20 c:/program files (x86)/atmel/studio/7.0/toolchain/avr8/avr8-gnu-toolchain/bin/../lib/gcc/avr/5.4.0/avr5\libgcc.a(_mulsi3.o)
                0x000034fa                __mulsi3
 .text.libgcc.div
                0x0000351a       0x28 c:/program files (x86)/atmel/studio/7.0/toolchain/avr8/avr8-gnu-toolchain/bin/../lib/gcc/avr/5.4.0/avr5\libgcc.a(_divmodhi4.o)
                0x0000351a                _div
                0x0000351a                __divmodhi4
 .text.libgcc.div
                0x00003542       0x44 c:/program files (x86)/atmel/studio/7.0/toolchain/avr8/avr8-gnu-toolchain/bin/../lib/gcc/avr/5.4.0/avr5\libgcc.a(_udivmodsi4.o)
                0x00003542                __udivmodsi4
 .text.libgcc.div
                0x00003586       0x2e c:/program files (x86)/atmel/studio/7.0/toolchain/avr8/avr8-gnu-toolchain/bin/../lib/gcc/avr/5.4.0/avr5\libgcc.a(_divmodsi4.o)
                0x00003586                __divmodsi4
 .text.libgcc.div
                0x000035b4       0x10 c:/program files (x86)/atmel/studio/7.0/toolchain/avr8/avr8-gnu-toolchain/bin/../lib/gcc/avr/5.4.0/avr5\libgcc.a(_negsi2.o)
                0x000035b4                __negsi2
 .text.libgcc   0x000035c4        0xc c:/program files (x86)/atmel/studio/7.0/toolchain/avr8/avr8-gnu-toolchain/bin/../lib/gcc/avr/5.4.0/avr5\libgcc.a(_tablejump2.o)
                0x000035c4                __tablejump2__
 .text.libgcc.mul
                0x000035d0       0x1e c:/program files (x86)/atmel/studio/7.0/toolchain/avr8/avr8-gnu-toolchain/bin/../lib/gcc/avr/5.4.0/avr5\libgcc.a(_umulhisi3.o)
                0x000035d0                __umulhisi3
 .text.libgcc.mul
                0x000035ee       0x16 c:/program files (x86)/atmel/studio/7.0/toolchain/avr8/avr8-gnu-toolchain/bin/../lib/gcc/avr/5.4.0/avr5\libgcc.a(_muluhisi3.o)
                0x000035ee                __muluhisi3
 .text.libgcc.div
                0x00003604       0x28 c:/program files (x86)/atmel/studio/7.0/toolchain/avr8/avr8-gnu-toolchain/bin/../lib/gcc/avr/5.4.0/avr5\libgcc.a(_udivmodhi4.o)
                0x00003604                __udivmodhi4
 .text.avr-libc
                0x0000362c       0x12 c:/program files (x86)/atmel/studio/7.0/toolchain/avr8/avr8-gnu-toolchain/bin/../lib/gcc/avr/5.4.0/../../../../avr/lib/avr5\libc.a(strcmp.o)
                0x0000362c                strcmp
 .text.avr-libc
                0x0000363e        0xe c:/program files (x86)/atmel/studio/7.0/toolchain/avr8/avr8-gnu-toolchain/bin/../lib/gcc/avr/5.4.0/../../../../avr/lib/avr5\libc.a(strcpy.o)
                0x0000363e                strcpy
 .text.avr-libc
                0x0000364c       0x58 c:/program files (x86)/atmel/studio/7.0/toolchain/avr8/avr8-gnu-toolchain/bin/../lib/gcc/avr/5.4.0/../../../../avr/lib/avr5\libc.a(vsnprintf.o)
                0x0000364c                vsnprintf
 .text.avr-libc
                0x000036a4      0x3c2 c:/program files (x86)/atmel/studio/7.0/toolchain/avr8/avr8-gnu-toolchain/bin/../lib/gcc/avr/5.4.0/../../../../avr/lib/avr5\libc.a(vfprintf_std.o)
                0x000036a4                vfprintf
 .text.avr-libc
                0x00003a66       0x16 c:/program files (x86)/atmel/studio/7.0/toolchain/avr8/avr8-gnu-toolchain/bin/../lib/gcc/avr/5.4.0/../../../../avr/lib/avr5\libc.a(strnlen_P.o)
                0x00003a66                strnlen_P
 .text.avr-libc
                0x00003a7c       0x16 c:/program files (x86)/atmel/studio/7.0/toolchain/avr8/avr8-gnu-toolchain/bin/../lib/gcc/avr/5.4.0/../../../../avr/lib/avr5\libc.a(strnlen.o)
                0x00003a7c                strnlen
 .text.avr-libc
                0x00003a92       0x78 c:/program files (x86)/atmel/studio/7.0/toolchain/avr8/avr8-gnu-toolchain/bin/../lib/gcc/avr/5.4.0/../../../../avr/lib/avr5\libc.a(fputc.o)
                0x00003a92                fputc
 .text.avr-libc
                0x00003b0a       0xbc c:/program files (x86)/atmel/studio/7.0/toolchain/avr8/avr8-gnu-toolchain/bin/../lib/gcc/avr/5.4.0/../../../../avr/lib/avr5\libc.a(ultoa_invert.o)
                0x00003b0a                __ultoa_invert
 .text.avr-libc
                0x00003bc6       0x20 C:/Program Files/Microchip/MPLABX/v6.20/packs/Microchip/ATmega_DFP/3.1.264/gcc/dev/atmega324a/avr5\libatmega324a.a(eerd_block.o)
                0x00003bc6                eeprom_read_block
                0x00003bca                eeprom_read_blraw
 .text.avr-libc
                0x00003be6       0x10 C:/Program Files/Microchip/MPLABX/v6.20/packs/Microchip/ATmega_DFP/3.1.264/gcc/dev/atmega324a/avr5\libatmega324a.a(eerd_byte.o)
                0x00003be6                eeprom_read_byte
 .text.avr-libc
                0x00003bf6        0xc C:/Program Files/Microchip/MPLABX/v6.20/packs/Microchip/ATmega_DFP/3.1.264/gcc/dev/atmega324a/avr5\libatmega324a.a(eerd_word.o)
                0x00003bf6                eeprom_read_word
 .text.avr-libc
                0x00003c02       0x20 C:/Program Files/Microchip/MPLABX/v6.20/packs/Microchip/ATmega_DFP/3.1.264/gcc/dev/atmega324a/avr5\libatmega324a.a(eeupd_block.o)
                0x00003c02                eeprom_update_block
 .text.avr-libc
                0x00003c22       0x24 C:/Program Files/Microchip/MPLABX/v6.20/packs/Microchip/ATmega_DFP/3.1.264/gcc/dev/atmega324a/avr5\libatmega324a.a(eeupd_byte.o)
                0x00003c22                eeprom_update_byte
                0x00003c24                eeprom_update_r18
 .text.avr-libc
                0x00003c46       0x18 C:/Program Files/Microchip/MPLABX/v6.20/packs/Microchip/ATmega_DFP/3.1.264/gcc/dev/atmega324a/avr5\libatmega324a.a(eeupd_dword.o)
                0x00003c46                eeprom_update_float
                0x00003c46                eeprom_update_dword
 .text.avr-libc
                0x00003c5e        0xc C:/Program Files/Microchip/MPLABX/v6.20/packs/Microchip/ATmega_DFP/3.1.264/gcc/dev/atmega324a/avr5\libatmega324a.a(eeupd_word.o)
                0x00003c5e                eeprom_update_word
 .text.avr-libc
                0x00003c6a       0x14 C:/Program Files/Microchip/MPLABX/v6.20/packs/Microchip/ATmega_DFP/3.1.264/gcc/dev/atmega324a/avr5\libatmega324a.a(eewr_block.o)
                0x00003c6a                eeprom_write_block
 .text.avr-libc
                0x00003c7e       0x1c C:/Program Files/Microchip/MPLABX/v6.20/packs/Microchip/ATmega_DFP/3.1.264/gcc/dev/atmega324a/avr5\libatmega324a.a(eewr_byte.o)
                0x00003c7e                eeprom_write_byte
                0x00003c80                eeprom_write_r18
 .text.avr-libc
                0x00003c9a       0x10 C:/Program Files/Microchip/MPLABX/v6.20/packs/Microchip/ATmega_DFP/3.1.264/gcc/dev/atmega324a/avr5\libatmega324a.a(eewr_dword.o)
                0x00003c9a                eeprom_write_dword
                0x00003c9a                eeprom_write_float
 .text.avr-libc
                0x00003caa        0xa C:/Program Files/Microchip/MPLABX/v6.20/packs/Microchip/ATmega_DFP/3.1.264/gcc/dev/atmega324a/avr5\libatmega324a.a(eewr_word.o)
                0x00003caa                eeprom_write_word
 .text.libgcc.prologue
                0x00003cb4       0x38 c:/program files (x86)/atmel/studio/7.0/toolchain/avr8/avr8-gnu-toolchain/bin/../lib/gcc/avr/5.4.0/avr5\libgcc.a(_prologue.o)
                0x00003cb4                __prologue_saves__
 .text.libgcc.prologue
                0x00003cec       0x36 c:/program files (x86)/atmel/studio/7.0/toolchain/avr8/avr8-gnu-toolchain/bin/../lib/gcc/avr/5.4.0/avr5\libgcc.a(_epilogue.o)
                0x00003cec                __epilogue_restores__
                0x00003d22                . = ALIGN (0x2)
 *(.fini9)
 .fini9         0x00003d22        0x0 c:/program files (x86)/atmel/studio/7.0/toolchain/avr8/avr8-gnu-toolchain/bin/../lib/gcc/avr/5.4.0/avr5\libgcc.a(_exit.o)
                0x00003d22                _exit
                0x00003d22                exit
 *(.fini9)
 *(.fini8)
 *(.fini8)
 *(.fini7)
 *(.fini7)
 *(.fini6)
 *(.fini6)
 *(.fini5)
 *(.fini5)
 *(.fini4)
 *(.fini4)
 *(.fini3)
 *(.fini3)
 *(.fini2)
 *(.fini2)
 *(.fini1)
 *(.fini1)
 *(.fini0)
 .fini0         0x00003d22        0x4 c:/program files (x86)/atmel/studio/7.0/toolchain/avr8/avr8-gnu-toolchain/bin/../lib/gcc/avr/5.4.0/avr5\libgcc.a(_exit.o)
 *(.fini0)
                0x00003d26                _etext = .

.data           0x00800100       0x38 load address 0x00003d26
                0x00800100                PROVIDE (__data_start, .)
 *(.data)
 *(.data*)
 .data.keypadvalue
                0x00800100       0x10 build/atmega324a/production/_ext/1358146763/keypad.o
                0x00800100                keypadvalue
 .data.N_on     0x00800110        0x2 build/atmega324a/production/atmega324a_1.o
                0x00800110                N_on
 .data.N_off    0x00800112        0x2 build/atmega324a/production/atmega324a_1.o
                0x00800112                N_off
 *(.gnu.linkonce.d*)
 *(.rodata)
 *(.rodata*)
 .rodata.str1.1
                0x00800114       0x23 build/atmega324a/production/atmega324a_1.o
 *(.gnu.linkonce.r*)
                0x00800138                . = ALIGN (0x2)
 *fill*         0x00800137        0x1 
                0x00800138                _edata = .
                0x00800138                PROVIDE (__data_end, .)

.bss            0x00800138      0x11c
                0x00800138                PROVIDE (__bss_start, .)
 *(.bss)
 *(.bss*)
 .bss.uart0flag
                0x00800138        0x1 build/atmega324a/production/_ext/1358146763/atmega324_usart0.o
 .bss.UART0_RxBuf
                0x00800139       0x20 build/atmega324a/production/_ext/1358146763/atmega324_usart0.o
 .bss.UART0_Rx  0x00800159        0x1 build/atmega324a/production/_ext/1358146763/atmega324_usart0.o
 .bss.rx0buff   0x0080015a        0xc build/atmega324a/production/_ext/1358146763/atmega324_usart0.o
 .bss.atmega324_usart0
                0x00800166       0x1a build/atmega324a/production/_ext/1358146763/atmega324_usart0.o
 .bss.ADC_CHANNEL_GAIN
                0x00800180       0x10 build/atmega324a/production/_ext/1358146763/atmega324analog.o
 .bss.ADC_VALUE
                0x00800190       0x10 build/atmega324a/production/_ext/1358146763/atmega324analog.o
 .bss.timer1_state
                0x008001a0        0x1 build/atmega324a/production/_ext/1358146763/atmega324timer.o
 .bss.timer1    0x008001a1       0x20 build/atmega324a/production/_ext/1358146763/atmega324timer.o
 .bss.eprom     0x008001c1       0x24 build/atmega324a/production/_ext/1358146763/atmegaeeprom.o
 .bss.FUNCstr   0x008001e5       0x20 build/atmega324a/production/_ext/1358146763/function.o
 .bss.endstr    0x00800205        0x2 build/atmega324a/production/_ext/1358146763/keypad.o
                0x00800205                endstr
 .bss.setup_lcd0
                0x00800207       0x16 build/atmega324a/production/_ext/1358146763/lcd.o
 .bss.uartreceive
                0x0080021d        0x2 build/atmega324a/production/atmega324a_1.o
                0x0080021d                uartreceive
 .bss.counter   0x0080021f        0x2 build/atmega324a/production/atmega324a_1.o
                0x0080021f                counter
 *(COMMON)
 COMMON         0x00800221        0x9 build/atmega324a/production/_ext/1358146763/atmega324analog.o
                0x00800221                ADC_SELECTOR
                0x00800223                adc_sample
                0x00800225                ADC_N_CHANNEL
                0x00800227                adc_n_sample
                0x00800228                adc_tmp
 COMMON         0x0080022a       0x1c build/atmega324a/production/_ext/1358146763/keypad.o
                0x0080022a                keypad_PORT
                0x0080022c                KEYPAD_char
                0x0080022d                keypad_dataf
                0x00800231                keypad_datai
                0x00800235                KEYPADSTRINGINDEX
                0x00800236                keypad_PIN
                0x00800238                data
                0x0080023d                keypad_DDR
                0x0080023f                KEYPAD_string
 COMMON         0x00800246        0xe build/atmega324a/production/_ext/1358146763/lcd.o
                0x00800246                lcd0_PIN
                0x00800248                lcd1_DDR
                0x0080024a                lcd1_detect
                0x0080024b                lcd1_PIN
                0x0080024d                lcd0_DDR
                0x0080024f                lcd0_detect
                0x00800250                lcd0_PORT
                0x00800252                lcd1_PORT
                0x00800254                PROVIDE (__bss_end, .)
                0x00003d26                __data_load_start = LOADADDR (.data)
                0x00003d5e                __data_load_end = (__data_load_start + SIZEOF (.data))

.noinit         0x00800254        0x0
                [!provide]                PROVIDE (__noinit_start, .)
 *(.noinit*)
                [!provide]                PROVIDE (__noinit_end, .)
                0x00800254                _end = .
                [!provide]                PROVIDE (__heap_start, .)

.eeprom         0x00810000        0x0
 *(.eeprom*)
                0x00810000                __eeprom_end = .

.fuse
 *(.fuse)
 *(.lfuse)
 *(.hfuse)
 *(.efuse)

.lock
 *(.lock*)

.signature
 *(.signature*)

.user_signatures
 *(.user_signatures*)

.stab
 *(.stab)

.stabstr
 *(.stabstr)

.stab.excl
 *(.stab.excl)

.stab.exclstr
 *(.stab.exclstr)

.stab.index
 *(.stab.index)

.stab.indexstr
 *(.stab.indexstr)

.comment        0x00000000       0x5c
 *(.comment)
 .comment       0x00000000       0x30 build/atmega324a/production/_ext/1358146763/atmega324.o
                                 0x31 (size before relaxing)
 .comment       0x00000030       0x31 build/atmega324a/production/_ext/1358146763/atmega324_usart0.o
 .comment       0x00000030       0x31 build/atmega324a/production/_ext/1358146763/atmega324analog.o
 .comment       0x00000030       0x31 build/atmega324a/production/_ext/1358146763/atmega324timer.o
 .comment       0x00000030       0x31 build/atmega324a/production/_ext/1358146763/atmegaeeprom.o
 .comment       0x00000030       0x31 build/atmega324a/production/_ext/1358146763/buffer.o
 .comment       0x00000030       0x31 build/atmega324a/production/_ext/1358146763/function.o
 .comment       0x00000030       0x31 build/atmega324a/production/_ext/1358146763/keypad.o
 .comment       0x00000030       0x31 build/atmega324a/production/_ext/1358146763/lcd.o
 .comment       0x00000030       0x31 build/atmega324a/production/atmega324a_1.o
 .comment       0x00000030       0x31 c:/program files (x86)/atmel/studio/7.0/toolchain/avr8/avr8-gnu-toolchain/bin/../lib/gcc/avr/5.4.0/../../../../avr/lib/avr5\libc.a(vsnprintf.o)
 .comment       0x00000030       0x2c c:/program files (x86)/atmel/studio/7.0/toolchain/avr8/avr8-gnu-toolchain/bin/../lib/gcc/avr/5.4.0/../../../../avr/lib/avr5\libc.a(vfprintf_std.o)
                                 0x2d (size before relaxing)
 .comment       0x0000005c       0x31 c:/program files (x86)/atmel/studio/7.0/toolchain/avr8/avr8-gnu-toolchain/bin/../lib/gcc/avr/5.4.0/../../../../avr/lib/avr5\libc.a(fputc.o)

.note.gnu.avr.deviceinfo
                0x00000000       0x40
 .note.gnu.avr.deviceinfo
                0x00000000       0x40 C:/Program Files/Microchip/MPLABX/v6.20/packs/Microchip/ATmega_DFP/3.1.264/gcc/dev/atmega324a/avr5/crtatmega324a.o

.note.gnu.build-id
 *(.note.gnu.build-id)

.debug
 *(.debug)

.line
 *(.line)

.debug_srcinfo
 *(.debug_srcinfo)

.debug_sfnames
 *(.debug_sfnames)

.debug_aranges  0x00000000      0x160
 *(.debug_aranges)
 .debug_aranges
                0x00000000       0x20 C:/Program Files/Microchip/MPLABX/v6.20/packs/Microchip/ATmega_DFP/3.1.264/gcc/dev/atmega324a/avr5\libatmega324a.a(eerd_block.o)
 .debug_aranges
                0x00000020       0x20 C:/Program Files/Microchip/MPLABX/v6.20/packs/Microchip/ATmega_DFP/3.1.264/gcc/dev/atmega324a/avr5\libatmega324a.a(eerd_byte.o)
 .debug_aranges
                0x00000040       0x20 C:/Program Files/Microchip/MPLABX/v6.20/packs/Microchip/ATmega_DFP/3.1.264/gcc/dev/atmega324a/avr5\libatmega324a.a(eerd_word.o)
 .debug_aranges
                0x00000060       0x20 C:/Program Files/Microchip/MPLABX/v6.20/packs/Microchip/ATmega_DFP/3.1.264/gcc/dev/atmega324a/avr5\libatmega324a.a(eeupd_block.o)
 .debug_aranges
                0x00000080       0x20 C:/Program Files/Microchip/MPLABX/v6.20/packs/Microchip/ATmega_DFP/3.1.264/gcc/dev/atmega324a/avr5\libatmega324a.a(eeupd_byte.o)
 .debug_aranges
                0x000000a0       0x20 C:/Program Files/Microchip/MPLABX/v6.20/packs/Microchip/ATmega_DFP/3.1.264/gcc/dev/atmega324a/avr5\libatmega324a.a(eeupd_dword.o)
 .debug_aranges
                0x000000c0       0x20 C:/Program Files/Microchip/MPLABX/v6.20/packs/Microchip/ATmega_DFP/3.1.264/gcc/dev/atmega324a/avr5\libatmega324a.a(eeupd_word.o)
 .debug_aranges
                0x000000e0       0x20 C:/Program Files/Microchip/MPLABX/v6.20/packs/Microchip/ATmega_DFP/3.1.264/gcc/dev/atmega324a/avr5\libatmega324a.a(eewr_block.o)
 .debug_aranges
                0x00000100       0x20 C:/Program Files/Microchip/MPLABX/v6.20/packs/Microchip/ATmega_DFP/3.1.264/gcc/dev/atmega324a/avr5\libatmega324a.a(eewr_byte.o)
 .debug_aranges
                0x00000120       0x20 C:/Program Files/Microchip/MPLABX/v6.20/packs/Microchip/ATmega_DFP/3.1.264/gcc/dev/atmega324a/avr5\libatmega324a.a(eewr_dword.o)
 .debug_aranges
                0x00000140       0x20 C:/Program Files/Microchip/MPLABX/v6.20/packs/Microchip/ATmega_DFP/3.1.264/gcc/dev/atmega324a/avr5\libatmega324a.a(eewr_word.o)

.debug_pubnames
 *(.debug_pubnames)

.debug_info     0x00000000      0xdec
 *(.debug_info .gnu.linkonce.wi.*)
 .debug_info    0x00000000      0x6cc C:/Program Files/Microchip/MPLABX/v6.20/packs/Microchip/ATmega_DFP/3.1.264/gcc/dev/atmega324a/avr5/crtatmega324a.o
 .debug_info    0x000006cc       0xa6 C:/Program Files/Microchip/MPLABX/v6.20/packs/Microchip/ATmega_DFP/3.1.264/gcc/dev/atmega324a/avr5\libatmega324a.a(eerd_block.o)
 .debug_info    0x00000772       0xa5 C:/Program Files/Microchip/MPLABX/v6.20/packs/Microchip/ATmega_DFP/3.1.264/gcc/dev/atmega324a/avr5\libatmega324a.a(eerd_byte.o)
 .debug_info    0x00000817       0xa5 C:/Program Files/Microchip/MPLABX/v6.20/packs/Microchip/ATmega_DFP/3.1.264/gcc/dev/atmega324a/avr5\libatmega324a.a(eerd_word.o)
 .debug_info    0x000008bc       0xa7 C:/Program Files/Microchip/MPLABX/v6.20/packs/Microchip/ATmega_DFP/3.1.264/gcc/dev/atmega324a/avr5\libatmega324a.a(eeupd_block.o)
 .debug_info    0x00000963       0xa6 C:/Program Files/Microchip/MPLABX/v6.20/packs/Microchip/ATmega_DFP/3.1.264/gcc/dev/atmega324a/avr5\libatmega324a.a(eeupd_byte.o)
 .debug_info    0x00000a09       0xa7 C:/Program Files/Microchip/MPLABX/v6.20/packs/Microchip/ATmega_DFP/3.1.264/gcc/dev/atmega324a/avr5\libatmega324a.a(eeupd_dword.o)
 .debug_info    0x00000ab0       0xa6 C:/Program Files/Microchip/MPLABX/v6.20/packs/Microchip/ATmega_DFP/3.1.264/gcc/dev/atmega324a/avr5\libatmega324a.a(eeupd_word.o)
 .debug_info    0x00000b56       0xa6 C:/Program Files/Microchip/MPLABX/v6.20/packs/Microchip/ATmega_DFP/3.1.264/gcc/dev/atmega324a/avr5\libatmega324a.a(eewr_block.o)
 .debug_info    0x00000bfc       0xa5 C:/Program Files/Microchip/MPLABX/v6.20/packs/Microchip/ATmega_DFP/3.1.264/gcc/dev/atmega324a/avr5\libatmega324a.a(eewr_byte.o)
 .debug_info    0x00000ca1       0xa6 C:/Program Files/Microchip/MPLABX/v6.20/packs/Microchip/ATmega_DFP/3.1.264/gcc/dev/atmega324a/avr5\libatmega324a.a(eewr_dword.o)
 .debug_info    0x00000d47       0xa5 C:/Program Files/Microchip/MPLABX/v6.20/packs/Microchip/ATmega_DFP/3.1.264/gcc/dev/atmega324a/avr5\libatmega324a.a(eewr_word.o)

.debug_abbrev   0x00000000      0x74a
 *(.debug_abbrev)
 .debug_abbrev  0x00000000      0x66e C:/Program Files/Microchip/MPLABX/v6.20/packs/Microchip/ATmega_DFP/3.1.264/gcc/dev/atmega324a/avr5/crtatmega324a.o
 .debug_abbrev  0x0000066e       0x14 C:/Program Files/Microchip/MPLABX/v6.20/packs/Microchip/ATmega_DFP/3.1.264/gcc/dev/atmega324a/avr5\libatmega324a.a(eerd_block.o)
 .debug_abbrev  0x00000682       0x14 C:/Program Files/Microchip/MPLABX/v6.20/packs/Microchip/ATmega_DFP/3.1.264/gcc/dev/atmega324a/avr5\libatmega324a.a(eerd_byte.o)
 .debug_abbrev  0x00000696       0x14 C:/Program Files/Microchip/MPLABX/v6.20/packs/Microchip/ATmega_DFP/3.1.264/gcc/dev/atmega324a/avr5\libatmega324a.a(eerd_word.o)
 .debug_abbrev  0x000006aa       0x14 C:/Program Files/Microchip/MPLABX/v6.20/packs/Microchip/ATmega_DFP/3.1.264/gcc/dev/atmega324a/avr5\libatmega324a.a(eeupd_block.o)
 .debug_abbrev  0x000006be       0x14 C:/Program Files/Microchip/MPLABX/v6.20/packs/Microchip/ATmega_DFP/3.1.264/gcc/dev/atmega324a/avr5\libatmega324a.a(eeupd_byte.o)
 .debug_abbrev  0x000006d2       0x14 C:/Program Files/Microchip/MPLABX/v6.20/packs/Microchip/ATmega_DFP/3.1.264/gcc/dev/atmega324a/avr5\libatmega324a.a(eeupd_dword.o)
 .debug_abbrev  0x000006e6       0x14 C:/Program Files/Microchip/MPLABX/v6.20/packs/Microchip/ATmega_DFP/3.1.264/gcc/dev/atmega324a/avr5\libatmega324a.a(eeupd_word.o)
 .debug_abbrev  0x000006fa       0x14 C:/Program Files/Microchip/MPLABX/v6.20/packs/Microchip/ATmega_DFP/3.1.264/gcc/dev/atmega324a/avr5\libatmega324a.a(eewr_block.o)
 .debug_abbrev  0x0000070e       0x14 C:/Program Files/Microchip/MPLABX/v6.20/packs/Microchip/ATmega_DFP/3.1.264/gcc/dev/atmega324a/avr5\libatmega324a.a(eewr_byte.o)
 .debug_abbrev  0x00000722       0x14 C:/Program Files/Microchip/MPLABX/v6.20/packs/Microchip/ATmega_DFP/3.1.264/gcc/dev/atmega324a/avr5\libatmega324a.a(eewr_dword.o)
 .debug_abbrev  0x00000736       0x14 C:/Program Files/Microchip/MPLABX/v6.20/packs/Microchip/ATmega_DFP/3.1.264/gcc/dev/atmega324a/avr5\libatmega324a.a(eewr_word.o)

.debug_line     0x00000000      0x6f7
 *(.debug_line .debug_line.* .debug_line_end)
 .debug_line    0x00000000      0x152 C:/Program Files/Microchip/MPLABX/v6.20/packs/Microchip/ATmega_DFP/3.1.264/gcc/dev/atmega324a/avr5/crtatmega324a.o
 .debug_line    0x00000152       0xab C:/Program Files/Microchip/MPLABX/v6.20/packs/Microchip/ATmega_DFP/3.1.264/gcc/dev/atmega324a/avr5\libatmega324a.a(eerd_block.o)
 .debug_line    0x000001fd       0x7a C:/Program Files/Microchip/MPLABX/v6.20/packs/Microchip/ATmega_DFP/3.1.264/gcc/dev/atmega324a/avr5\libatmega324a.a(eerd_byte.o)
 .debug_line    0x00000277       0x67 C:/Program Files/Microchip/MPLABX/v6.20/packs/Microchip/ATmega_DFP/3.1.264/gcc/dev/atmega324a/avr5\libatmega324a.a(eerd_word.o)
 .debug_line    0x000002de       0xa5 C:/Program Files/Microchip/MPLABX/v6.20/packs/Microchip/ATmega_DFP/3.1.264/gcc/dev/atmega324a/avr5\libatmega324a.a(eeupd_block.o)
 .debug_line    0x00000383       0xb6 C:/Program Files/Microchip/MPLABX/v6.20/packs/Microchip/ATmega_DFP/3.1.264/gcc/dev/atmega324a/avr5\libatmega324a.a(eeupd_byte.o)
 .debug_line    0x00000439       0x7b C:/Program Files/Microchip/MPLABX/v6.20/packs/Microchip/ATmega_DFP/3.1.264/gcc/dev/atmega324a/avr5\libatmega324a.a(eeupd_dword.o)
 .debug_line    0x000004b4       0x62 C:/Program Files/Microchip/MPLABX/v6.20/packs/Microchip/ATmega_DFP/3.1.264/gcc/dev/atmega324a/avr5\libatmega324a.a(eeupd_word.o)
 .debug_line    0x00000516       0x80 C:/Program Files/Microchip/MPLABX/v6.20/packs/Microchip/ATmega_DFP/3.1.264/gcc/dev/atmega324a/avr5\libatmega324a.a(eewr_block.o)
 .debug_line    0x00000596       0x9e C:/Program Files/Microchip/MPLABX/v6.20/packs/Microchip/ATmega_DFP/3.1.264/gcc/dev/atmega324a/avr5\libatmega324a.a(eewr_byte.o)
 .debug_line    0x00000634       0x68 C:/Program Files/Microchip/MPLABX/v6.20/packs/Microchip/ATmega_DFP/3.1.264/gcc/dev/atmega324a/avr5\libatmega324a.a(eewr_dword.o)
 .debug_line    0x0000069c       0x5b C:/Program Files/Microchip/MPLABX/v6.20/packs/Microchip/ATmega_DFP/3.1.264/gcc/dev/atmega324a/avr5\libatmega324a.a(eewr_word.o)

.debug_frame
 *(.debug_frame)

.debug_str      0x00000000      0x255
 *(.debug_str)
 .debug_str     0x00000000      0x255 C:/Program Files/Microchip/MPLABX/v6.20/packs/Microchip/ATmega_DFP/3.1.264/gcc/dev/atmega324a/avr5/crtatmega324a.o

.debug_loc
 *(.debug_loc)

.debug_macinfo
 *(.debug_macinfo)

.debug_weaknames
 *(.debug_weaknames)

.debug_funcnames
 *(.debug_funcnames)

.debug_typenames
 *(.debug_typenames)

.debug_varnames
 *(.debug_varnames)

.debug_pubtypes
 *(.debug_pubtypes)

.debug_ranges
 *(.debug_ranges)

.debug_macro
 *(.debug_macro)
OUTPUT(dist/atmega324a/production/atmega324a_1.X.production.elf elf32-avr)
LOAD linker stubs
